
R version 3.2.3 (2015-12-10) -- "Wooden Christmas-Tree"
Copyright (C) 2015 The R Foundation for Statistical Computing
Platform: x86_64-pc-linux-gnu (64-bit)

R is free software and comes with ABSOLUTELY NO WARRANTY.
You are welcome to redistribute it under certain conditions.
Type 'license()' or 'licence()' for distribution details.

  Natural language support but running in an English locale

R is a collaborative project with many contributors.
Type 'contributors()' for more information and
'citation()' on how to cite R or R packages in publications.

Type 'demo()' for some demos, 'help()' for on-line help, or
'help.start()' for an HTML browser interface to help.
Type 'q()' to quit R.

> #' This must be run first to force installation of archived gridExtra and ggplot2, and run as root
> #' This will install into /usr/local/lib/R/site-library as it appears before /usr/lib/R/library (.Library)
> #' on the site PATH.  Shiny should find these older instantiations in /usr/local/lib/R/site-library first.
> # system("apt-get install -y imagemagick") # This is no longer necessary as it is installed on current AMI's (>= launchpad-v2-1.metworx.com)
> author <- c("root")
> 
> dir.create("/root/Rpkg")
Warning message:
In dir.create("/root/Rpkg") : '/root/Rpkg' already exists
> download.file("https://cran.r-project.org/src/contrib/Archive/ggplot2/ggplot2_1.0.1.tar.gz",
+               destfile="/root/Rpkg/ggplot2_1.0.1.tar.gz")
--2016-05-01 16:22:53--  https://cran.r-project.org/src/contrib/Archive/ggplot2/ggplot2_1.0.1.tar.gz
Resolving cran.r-project.org (cran.r-project.org)... 137.208.57.37
Connecting to cran.r-project.org (cran.r-project.org)|137.208.57.37|:443... connected.
HTTP request sent, awaiting response... 200 OK
Length: 2351203 (2.2M) [application/x-gzip]
Saving to: `/root/Rpkg/ggplot2_1.0.1.tar.gz'

     0K .......... .......... .......... .......... ..........  2% 98.5K 23s
    50K .......... .......... .......... .......... ..........  4%  294K 15s
   100K .......... .......... .......... .......... ..........  6%  240K 13s
   150K .......... .......... .......... .......... ..........  8%  296K 11s
   200K .......... .......... .......... .......... .......... 10%  384K 10s
   250K .......... .......... .......... .......... .......... 13%  296K 9s
   300K .......... .......... .......... .......... .......... 15% 1.24M 8s
   350K .......... .......... .......... .......... .......... 17%  383K 7s
   400K .......... .......... .......... .......... .......... 19%  297K 7s
   450K .......... .......... .......... .......... .......... 21% 44.0M 6s
   500K .......... .......... .......... .......... .......... 23% 1.27M 5s
   550K .......... .......... .......... .......... .......... 26%  383K 5s
   600K .......... .......... .......... .......... .......... 28% 67.1M 5s
   650K .......... .......... .......... .......... .......... 30%  298K 5s
   700K .......... .......... .......... .......... .......... 32% 46.1M 4s
   750K .......... .......... .......... .......... .......... 34% 96.8M 4s
   800K .......... .......... .......... .......... .......... 37%  298K 4s
   850K .......... .......... .......... .......... .......... 39% 55.0M 3s
   900K .......... .......... .......... .......... .......... 41% 48.5M 3s
   950K .......... .......... .......... .......... .......... 43% 1.30M 3s
  1000K .......... .......... .......... .......... .......... 45%  384K 3s
  1050K .......... .......... .......... .......... .......... 47% 62.2M 3s
  1100K .......... .......... .......... .......... .......... 50% 70.3M 2s
  1150K .......... .......... .......... .......... .......... 52% 1.30M 2s
  1200K .......... .......... .......... .......... .......... 54%  384K 2s
  1250K .......... .......... .......... .......... .......... 56% 55.6M 2s
  1300K .......... .......... .......... .......... .......... 58% 50.3M 2s
  1350K .......... .......... .......... .......... .......... 60% 73.7M 2s
  1400K .......... .......... .......... .......... .......... 63% 1.34M 2s
  1450K .......... .......... .......... .......... .......... 65%  386K 1s
  1500K .......... .......... .......... .......... .......... 67% 27.0M 1s
  1550K .......... .......... .......... .......... .......... 69% 83.7M 1s
  1600K .......... .......... .......... .......... .......... 71% 38.3M 1s
  1650K .......... .......... .......... .......... .......... 74% 1.36M 1s
  1700K .......... .......... .......... .......... .......... 76% 44.1M 1s
  1750K .......... .......... .......... .......... .......... 78%  390K 1s
  1800K .......... .......... .......... .......... .......... 80% 23.6M 1s
  1850K .......... .......... .......... .......... .......... 82% 58.2M 1s
  1900K .......... .......... .......... .......... .......... 84% 42.6M 1s
  1950K .......... .......... .......... .......... .......... 87% 1.38M 0s
  2000K .......... .......... .......... .......... .......... 89% 42.6M 0s
  2050K .......... .......... .......... .......... .......... 91% 84.5M 0s
  2100K .......... .......... .......... .......... .......... 93%  389K 0s
  2150K .......... .......... .......... .......... .......... 95% 30.9M 0s
  2200K .......... .......... .......... .......... .......... 97% 46.6M 0s
  2250K .......... .......... .......... .......... ......    100% 91.0M=3.0s

2016-05-01 16:22:58 (753 KB/s) - `/root/Rpkg/ggplot2_1.0.1.tar.gz' saved [2351203/2351203]

> download.file("https://cran.r-project.org/src/contrib/Archive/gridExtra/gridExtra_0.9.tar.gz",
+               destfile=file.path("/root/Rpkg/gridExtra_0.9.tar.gz"))
--2016-05-01 16:22:58--  https://cran.r-project.org/src/contrib/Archive/gridExtra/gridExtra_0.9.tar.gz
Resolving cran.r-project.org (cran.r-project.org)... 137.208.57.37
Connecting to cran.r-project.org (cran.r-project.org)|137.208.57.37|:443... connected.
HTTP request sent, awaiting response... 200 OK
Length: 29217 (29K) [application/x-gzip]
Saving to: `/root/Rpkg/gridExtra_0.9.tar.gz'

     0K .......... .......... ........                        100%  162K=0.2s

2016-05-01 16:22:59 (162 KB/s) - `/root/Rpkg/gridExtra_0.9.tar.gz' saved [29217/29217]

> download.file("https://cran.r-project.org/src/contrib/Archive/Hmisc/Hmisc_3.17-0.tar.gz",
+               destfile=file.path("/root/Rpkg/Hmisc_3.17-0.tar.gz"))
--2016-05-01 16:22:59--  https://cran.r-project.org/src/contrib/Archive/Hmisc/Hmisc_3.17-0.tar.gz
Resolving cran.r-project.org (cran.r-project.org)... 137.208.57.37
Connecting to cran.r-project.org (cran.r-project.org)|137.208.57.37|:443... connected.
HTTP request sent, awaiting response... 200 OK
Length: 635966 (621K) [application/x-gzip]
Saving to: `/root/Rpkg/Hmisc_3.17-0.tar.gz'

     0K .......... .......... .......... .......... ..........  8% 98.0K 6s
    50K .......... .......... .......... .......... .......... 16%  294K 4s
   100K .......... .......... .......... .......... .......... 24%  241K 3s
   150K .......... .......... .......... .......... .......... 32%  380K 2s
   200K .......... .......... .......... .......... .......... 40%  294K 2s
   250K .......... .......... .......... .......... .......... 48% 1.28M 1s
   300K .......... .......... .......... .......... .......... 56%  379K 1s
   350K .......... .......... .......... .......... .......... 64%  296K 1s
   400K .......... .......... .......... .......... .......... 72% 43.9M 1s
   450K .......... .......... .......... .......... .......... 80% 1.29M 0s
   500K .......... .......... .......... .......... .......... 88%  380K 0s
   550K .......... .......... .......... .......... .......... 96% 73.9M 0s
   600K .......... .......... .                               100%  573K=1.7s

2016-05-01 16:23:02 (358 KB/s) - `/root/Rpkg/Hmisc_3.17-0.tar.gz' saved [635966/635966]

> 
> library(tools)
> write_PACKAGES("/root/Rpkg")
> install.packages(c("ggplot2","gridExtra","Hmisc"),
+                  lib = .libPaths()[1],
+                  contriburl = c(paste("file://", "root/Rpkg", sep="")),
+                  type = "source",
+                  INSTALL_opts="--no-multiarch")
* installing *source* package ‘ggplot2’ ...
** package ‘ggplot2’ successfully unpacked and MD5 sums checked
** R
** data
*** moving datasets to lazyload DB
** inst
** preparing package for lazy loading
** help
*** installing help indices
** building package indices
** installing vignettes
** testing if installed package can be loaded
* DONE (ggplot2)
* installing *source* package ‘gridExtra’ ...
** package ‘gridExtra’ successfully unpacked and MD5 sums checked
** R
** inst
** preparing package for lazy loading
** help
*** installing help indices
** building package indices
** testing if installed package can be loaded
* DONE (gridExtra)
* installing *source* package ‘Hmisc’ ...
** package ‘Hmisc’ successfully unpacked and MD5 sums checked
** libs
gcc -std=gnu99 -I/usr/share/R/include         -fpic  -g -O2 -fstack-protector --param=ssp-buffer-size=4 -Wformat -Wformat-security -Werror=format-security -D_FORTIFY_SOURCE=2 -g  -c Hmisc.c -o Hmisc.o
gfortran   -fpic  -g -O2  -c cidxcn.f -o cidxcn.o
gfortran   -fpic  -g -O2  -c cidxcp.f -o cidxcp.o
gfortran   -fpic  -g -O2  -c hoeffd.f -o hoeffd.o
gfortran   -fpic  -g -O2  -c jacklins.f -o jacklins.o
gfortran   -fpic  -g -O2  -c largrec.f -o largrec.o
gcc -std=gnu99 -I/usr/share/R/include         -fpic  -g -O2 -fstack-protector --param=ssp-buffer-size=4 -Wformat -Wformat-security -Werror=format-security -D_FORTIFY_SOURCE=2 -g  -c mChoice.c -o mChoice.o
gfortran   -fpic  -g -O2  -c maxempr.f -o maxempr.o
gcc -std=gnu99 -I/usr/share/R/include         -fpic  -g -O2 -fstack-protector --param=ssp-buffer-size=4 -Wformat -Wformat-security -Werror=format-security -D_FORTIFY_SOURCE=2 -g  -c nstr.c -o nstr.o
gcc -std=gnu99 -I/usr/share/R/include         -fpic  -g -O2 -fstack-protector --param=ssp-buffer-size=4 -Wformat -Wformat-security -Werror=format-security -D_FORTIFY_SOURCE=2 -g  -c ranksort.c -o ranksort.o
gfortran   -fpic  -g -O2  -c rcorr.f -o rcorr.o
gcc -std=gnu99 -I/usr/share/R/include         -fpic  -g -O2 -fstack-protector --param=ssp-buffer-size=4 -Wformat -Wformat-security -Werror=format-security -D_FORTIFY_SOURCE=2 -g  -c string_box.c -o string_box.o
gfortran   -fpic  -g -O2  -c wclosest.f -o wclosest.o
gcc -std=gnu99 -shared -L/usr/lib/R/lib -Wl,-Bsymbolic-functions -Wl,-z,relro -o Hmisc.so Hmisc.o cidxcn.o cidxcp.o hoeffd.o jacklins.o largrec.o mChoice.o maxempr.o nstr.o ranksort.o rcorr.o string_box.o wclosest.o -lgfortran -lm -lquadmath -L/usr/lib/R/lib -lR
installing to /usr/local/lib/R/site-library/Hmisc/libs
** R
** inst
** preparing package for lazy loading
** help
*** installing help indices
** building package indices
** testing if installed package can be loaded
* DONE (Hmisc)
> 
> system("restart shiny-server")
shiny-server start/running, process 18400
> 
> proc.time()
   user  system elapsed 
 11.072   1.940  30.128 
